

================================================================
== Vitis HLS Report for 'matMultiply_float_6_6_6_4'
================================================================
* Date:           Mon Nov 21 20:06:59 2022

* Version:        2020.2 (Build 3064766 on Wed Nov 18 09:12:47 MST 2020)
* Project:        KF_kernel
* Solution:       solution1 (Vivado IP Flow Target)
* Product family: zynquplus
* Target device:  xczu3eg-sbva484-1-i


================================================================
== Performance Estimates
================================================================
+ Timing: 
    * Summary: 
    +--------+----------+----------+------------+
    |  Clock |  Target  | Estimated| Uncertainty|
    +--------+----------+----------+------------+
    |ap_clk  |  10.00 ns|  6.023 ns|     2.70 ns|
    +--------+----------+----------+------------+

+ Latency: 
    * Summary: 
    +---------+---------+----------+----------+-----+-----+---------+
    |  Latency (cycles) |  Latency (absolute) |  Interval | Pipeline|
    |   min   |   max   |    min   |    max   | min | max |   Type  |
    +---------+---------+----------+----------+-----+-----+---------+
    |      457|      913|  4.570 us|  9.130 us|  457|  913|     none|
    +---------+---------+----------+----------+-----+-----+---------+

    + Detail: 
        * Instance: 
        N/A

        * Loop: 
        +--------------------+---------+---------+----------+-----------+-----------+-------+----------+
        |                    |  Latency (cycles) | Iteration|  Initiation Interval  |  Trip |          |
        |      Loop Name     |   min   |   max   |  Latency |  achieved |   target  | Count | Pipelined|
        +--------------------+---------+---------+----------+-----------+-----------+-------+----------+
        |- matMul_loop_L     |      456|      912|       152|          -|          -|  3 ~ 6|        no|
        | + matMul_loop_N    |      150|      150|        50|          -|          -|      3|        no|
        |  ++ matMul_loop_M  |       48|       48|         8|          -|          -|      6|        no|
        +--------------------+---------+---------+----------+-----------+-----------+-------+----------+



================================================================
== Utilization Estimates
================================================================
* Summary: 
+-----------------+---------+-----+--------+-------+-----+
|       Name      | BRAM_18K| DSP |   FF   |  LUT  | URAM|
+-----------------+---------+-----+--------+-------+-----+
|DSP              |        -|    -|       -|      -|    -|
|Expression       |        -|    -|       0|    133|    -|
|FIFO             |        -|    -|       -|      -|    -|
|Instance         |        -|    3|     280|    971|    -|
|Memory           |        0|    -|      32|      9|    -|
|Multiplexer      |        -|    -|       -|    101|    -|
|Register         |        -|    -|     111|      -|    -|
+-----------------+---------+-----+--------+-------+-----+
|Total            |        0|    3|     423|   1214|    0|
+-----------------+---------+-----+--------+-------+-----+
|Available        |      432|  360|  141120|  70560|    0|
+-----------------+---------+-----+--------+-------+-----+
|Utilization (%)  |        0|   ~0|      ~0|      1|    0|
+-----------------+---------+-----+--------+-------+-----+

+ Detail: 
    * Instance: 
    +--------------------------------------+----------------------------------+---------+----+-----+-----+-----+
    |               Instance               |              Module              | BRAM_18K| DSP|  FF | LUT | URAM|
    +--------------------------------------+----------------------------------+---------+----+-----+-----+-----+
    |facc_32ns_32ns_1ns_32_3_no_dsp_1_U33  |facc_32ns_32ns_1ns_32_3_no_dsp_1  |        0|   0|  137|  831|    0|
    |fmul_32ns_32ns_32_4_max_dsp_1_U32     |fmul_32ns_32ns_32_4_max_dsp_1     |        0|   3|  143|  140|    0|
    +--------------------------------------+----------------------------------+---------+----+-----+-----+-----+
    |Total                                 |                                  |        0|   3|  280|  971|    0|
    +--------------------------------------+----------------------------------+---------+----+-----+-----+-----+

    * DSP: 
    N/A

    * Memory: 
    +-------+-------------------------------+---------+----+----+-----+------+-----+------+-------------+
    | Memory|             Module            | BRAM_18K| FF | LUT| URAM| Words| Bits| Banks| W*Bits*Banks|
    +-------+-------------------------------+---------+----+----+-----+------+-----+------+-------------+
    |H_T_U  |matMultiply_float_6_6_6_4_H_T  |        0|  32|   9|    0|    18|   32|     1|          576|
    +-------+-------------------------------+---------+----+----+-----+------+-----+------+-------------+
    |Total  |                               |        0|  32|   9|    0|    18|   32|     1|          576|
    +-------+-------------------------------+---------+----+----+-----+------+-----+------+-------------+

    * FIFO: 
    N/A

    * Expression: 
    +----------------------+----------+----+---+----+------------+------------+
    |     Variable Name    | Operation| DSP| FF| LUT| Bitwidth P0| Bitwidth P1|
    +----------------------+----------+----+---+----+------------+------------+
    |add_ln13_fu_145_p2    |         +|   0|  0|  10|           3|           1|
    |add_ln17_fu_204_p2    |         +|   0|  0|   9|           2|           1|
    |add_ln20_fu_224_p2    |         +|   0|  0|  13|           6|           6|
    |add_ln23_fu_234_p2    |         +|   0|  0|  10|           3|           1|
    |add_ln27_4_fu_278_p2  |         +|   0|  0|  10|           5|           5|
    |add_ln27_fu_254_p2    |         +|   0|  0|  13|           6|           6|
    |empty_34_fu_198_p2    |         -|   0|  0|  13|           6|           6|
    |empty_fu_172_p2       |         -|   0|  0|  13|           6|           6|
    |sub_ln27_fu_272_p2    |         -|   0|  0|  10|           5|           5|
    |icmp_ln13_fu_155_p2   |      icmp|   0|  0|   8|           3|           3|
    |icmp_ln17_fu_218_p2   |      icmp|   0|  0|   8|           2|           2|
    |icmp_ln23_fu_248_p2   |      icmp|   0|  0|   8|           3|           3|
    |icmp_ln27_fu_288_p2   |      icmp|   0|  0|   8|           3|           3|
    +----------------------+----------+----+---+----+------------+------------+
    |Total                 |          |   0|  0| 133|          53|          48|
    +----------------------+----------+----+---+----+------------+------------+

    * Multiplexer: 
    +-----------------+----+-----------+-----+-----------+
    |       Name      | LUT| Input Size| Bits| Total Bits|
    +-----------------+----+-----------+-----+-----------+
    |add1913_reg_127  |   9|          2|   32|         64|
    |ap_NS_fsm        |  65|         12|    1|         12|
    |i_reg_94         |   9|          2|    3|          6|
    |j_reg_116        |   9|          2|    3|          6|
    |k_reg_105        |   9|          2|    2|          4|
    +-----------------+----+-----------+-----+-----------+
    |Total            | 101|         20|   41|         92|
    +-----------------+----+-----------+-----+-----------+

    * Register: 
    +----------------------+----+----+-----+-----------+
    |         Name         | FF | LUT| Bits| Const Bits|
    +----------------------+----+----+-----+-----------+
    |add1913_reg_127       |  32|   0|   32|          0|
    |add_ln13_reg_305      |   3|   0|    3|          0|
    |add_ln17_reg_323      |   2|   0|    2|          0|
    |add_ln23_reg_341      |   3|   0|    3|          0|
    |ap_CS_fsm             |  11|   0|   11|          0|
    |empty_34_reg_318      |   5|   0|    6|          1|
    |empty_reg_313         |   6|   0|    6|          0|
    |i_reg_94              |   3|   0|    3|          0|
    |icmp_ln27_reg_359     |   1|   0|    1|          0|
    |j_reg_116             |   3|   0|    3|          0|
    |k_reg_105             |   2|   0|    2|          0|
    |mat_out_addr_reg_336  |   6|   0|    6|          0|
    |mul_reg_374           |  32|   0|   32|          0|
    |zext_ln17_reg_328     |   2|   0|    5|          3|
    +----------------------+----+----+-----+-----------+
    |Total                 | 111|   0|  115|          4|
    +----------------------+----+----+-----+-----------+



================================================================
== Interface
================================================================
* Summary: 
+-------------------+-----+-----+------------+-------------------------------+--------------+
|     RTL Ports     | Dir | Bits|  Protocol  |         Source Object         |    C Type    |
+-------------------+-----+-----+------------+-------------------------------+--------------+
|ap_clk             |   in|    1|  ap_ctrl_hs|  matMultiply<float, 6, 6, 6>.4|  return value|
|ap_rst             |   in|    1|  ap_ctrl_hs|  matMultiply<float, 6, 6, 6>.4|  return value|
|ap_start           |   in|    1|  ap_ctrl_hs|  matMultiply<float, 6, 6, 6>.4|  return value|
|ap_done            |  out|    1|  ap_ctrl_hs|  matMultiply<float, 6, 6, 6>.4|  return value|
|ap_idle            |  out|    1|  ap_ctrl_hs|  matMultiply<float, 6, 6, 6>.4|  return value|
|ap_ready           |  out|    1|  ap_ctrl_hs|  matMultiply<float, 6, 6, 6>.4|  return value|
|mat_in_L_address0  |  out|    6|   ap_memory|                       mat_in_L|         array|
|mat_in_L_ce0       |  out|    1|   ap_memory|                       mat_in_L|         array|
|mat_in_L_q0        |   in|   32|   ap_memory|                       mat_in_L|         array|
|mat_out_address0   |  out|    6|   ap_memory|                        mat_out|         array|
|mat_out_ce0        |  out|    1|   ap_memory|                        mat_out|         array|
|mat_out_we0        |  out|    1|   ap_memory|                        mat_out|         array|
|mat_out_d0         |  out|   32|   ap_memory|                        mat_out|         array|
|L                  |   in|    3|     ap_none|                              L|        scalar|
+-------------------+-----+-----+------------+-------------------------------+--------------+

