

================================================================
== Vitis HLS Report for 'matMultiply_float_6_6_6_5'
================================================================
* Date:           Wed Nov 30 09:21:02 2022

* Version:        2020.2 (Build 3064766 on Wed Nov 18 09:12:47 MST 2020)
* Project:        KF_kernel
* Solution:       solution1 (Vivado IP Flow Target)
* Product family: zynquplus
* Target device:  xczu3eg-sbva484-1-i


================================================================
== Performance Estimates
================================================================
+ Timing: 
    * Summary: 
    +--------+----------+----------+------------+
    |  Clock |  Target  | Estimated| Uncertainty|
    +--------+----------+----------+------------+
    |ap_clk  |  10.00 ns|  6.023 ns|     2.70 ns|
    +--------+----------+----------+------------+

+ Latency: 
    * Summary: 
    +---------+---------+----------+----------+-----+-----+---------+
    |  Latency (cycles) |  Latency (absolute) |  Interval | Pipeline|
    |   min   |   max   |    min   |    max   | min | max |   Type  |
    +---------+---------+----------+----------+-----+-----+---------+
    |      907|      907|  9.070 us|  9.070 us|  907|  907|     none|
    +---------+---------+----------+----------+-----+-----+---------+

    + Detail: 
        * Instance: 
        N/A

        * Loop: 
        +--------------------+---------+---------+----------+-----------+-----------+------+----------+
        |                    |  Latency (cycles) | Iteration|  Initiation Interval  | Trip |          |
        |      Loop Name     |   min   |   max   |  Latency |  achieved |   target  | Count| Pipelined|
        +--------------------+---------+---------+----------+-----------+-----------+------+----------+
        |- matMul_loop_L     |      906|      906|       302|          -|          -|     3|        no|
        | + matMul_loop_N    |      300|      300|        50|          -|          -|     6|        no|
        |  ++ matMul_loop_M  |       48|       48|         8|          -|          -|     6|        no|
        +--------------------+---------+---------+----------+-----------+-----------+------+----------+



================================================================
== Utilization Estimates
================================================================
* Summary: 
+-----------------+---------+-----+--------+-------+-----+
|       Name      | BRAM_18K| DSP |   FF   |  LUT  | URAM|
+-----------------+---------+-----+--------+-------+-----+
|DSP              |        -|    -|       -|      -|    -|
|Expression       |        -|    -|       0|    125|    -|
|FIFO             |        -|    -|       -|      -|    -|
|Instance         |        -|    -|     137|    831|    -|
|Memory           |        -|    -|       -|      -|    -|
|Multiplexer      |        -|    -|       -|    101|    -|
|Register         |        -|    -|     110|      -|    -|
+-----------------+---------+-----+--------+-------+-----+
|Total            |        0|    0|     247|   1057|    0|
+-----------------+---------+-----+--------+-------+-----+
|Available        |      432|  360|  141120|  70560|    0|
+-----------------+---------+-----+--------+-------+-----+
|Utilization (%)  |        0|    0|      ~0|      1|    0|
+-----------------+---------+-----+--------+-------+-----+

+ Detail: 
    * Instance: 
    +--------------------------------------+----------------------------------+---------+----+-----+-----+-----+
    |               Instance               |              Module              | BRAM_18K| DSP|  FF | LUT | URAM|
    +--------------------------------------+----------------------------------+---------+----+-----+-----+-----+
    |facc_32ns_32ns_1ns_32_3_no_dsp_1_U28  |facc_32ns_32ns_1ns_32_3_no_dsp_1  |        0|   0|  137|  831|    0|
    +--------------------------------------+----------------------------------+---------+----+-----+-----+-----+
    |Total                                 |                                  |        0|   0|  137|  831|    0|
    +--------------------------------------+----------------------------------+---------+----+-----+-----+-----+

    * DSP: 
    N/A

    * Memory: 
    N/A

    * FIFO: 
    N/A

    * Expression: 
    +----------------------+----------+----+---+----+------------+------------+
    |     Variable Name    | Operation| DSP| FF| LUT| Bitwidth P0| Bitwidth P1|
    +----------------------+----------+----+---+----+------------+------------+
    |add_ln13_fu_137_p2    |         +|   0|  0|   9|           2|           1|
    |add_ln17_fu_183_p2    |         +|   0|  0|  10|           3|           1|
    |add_ln20_fu_199_p2    |         +|   0|  0|  13|           6|           6|
    |add_ln23_fu_209_p2    |         +|   0|  0|  10|           3|           1|
    |add_ln27_3_fu_261_p2  |         +|   0|  0|  13|           6|           6|
    |add_ln27_fu_225_p2    |         +|   0|  0|  12|           5|           5|
    |empty_fu_173_p2       |         -|   0|  0|  13|           6|           6|
    |sub_ln27_fu_255_p2    |         -|   0|  0|  13|           6|           6|
    |icmp_ln13_fu_143_p2   |      icmp|   0|  0|   8|           2|           2|
    |icmp_ln17_fu_193_p2   |      icmp|   0|  0|   8|           3|           3|
    |icmp_ln23_fu_219_p2   |      icmp|   0|  0|   8|           3|           3|
    |icmp_ln27_fu_271_p2   |      icmp|   0|  0|   8|           3|           3|
    +----------------------+----------+----+---+----+------------+------------+
    |Total                 |          |   0|  0| 125|          48|          43|
    +----------------------+----------+----+---+----+------------+------------+

    * Multiplexer: 
    +-----------------+----+-----------+-----+-----------+
    |       Name      | LUT| Input Size| Bits| Total Bits|
    +-----------------+----+-----------+-----+-----------+
    |add1913_reg_119  |   9|          2|   32|         64|
    |ap_NS_fsm        |  65|         12|    1|         12|
    |i_reg_86         |   9|          2|    2|          4|
    |j_reg_108        |   9|          2|    3|          6|
    |k_reg_97         |   9|          2|    3|          6|
    +-----------------+----+-----------+-----+-----------+
    |Total            | 101|         20|   41|         92|
    +-----------------+----+-----------+-----+-----------+

    * Register: 
    +----------------------+----+----+-----+-----------+
    |         Name         | FF | LUT| Bits| Const Bits|
    +----------------------+----+----+-----+-----------+
    |add1913_reg_119       |  32|   0|   32|          0|
    |add_ln13_reg_283      |   2|   0|    2|          0|
    |add_ln17_reg_301      |   3|   0|    3|          0|
    |add_ln23_reg_319      |   3|   0|    3|          0|
    |ap_CS_fsm             |  11|   0|   11|          0|
    |empty_reg_291         |   5|   0|    6|          1|
    |i_reg_86              |   2|   0|    2|          0|
    |icmp_ln27_reg_337     |   1|   0|    1|          0|
    |j_reg_108             |   3|   0|    3|          0|
    |k_reg_97              |   3|   0|    3|          0|
    |mat_out_addr_reg_314  |   6|   0|    6|          0|
    |mul_reg_352           |  32|   0|   32|          0|
    |trunc_ln17_reg_296    |   4|   0|    5|          1|
    |zext_ln17_reg_306     |   3|   0|    6|          3|
    +----------------------+----+----+-----+-----------+
    |Total                 | 110|   0|  115|          5|
    +----------------------+----+----+-----+-----------+



================================================================
== Interface
================================================================
* Summary: 
+---------------------+-----+-----+------------+-------------------------------+--------------+
|      RTL Ports      | Dir | Bits|  Protocol  |         Source Object         |    C Type    |
+---------------------+-----+-----+------------+-------------------------------+--------------+
|ap_clk               |   in|    1|  ap_ctrl_hs|  matMultiply<float, 6, 6, 6>.5|  return value|
|ap_rst               |   in|    1|  ap_ctrl_hs|  matMultiply<float, 6, 6, 6>.5|  return value|
|ap_start             |   in|    1|  ap_ctrl_hs|  matMultiply<float, 6, 6, 6>.5|  return value|
|ap_done              |  out|    1|  ap_ctrl_hs|  matMultiply<float, 6, 6, 6>.5|  return value|
|ap_idle              |  out|    1|  ap_ctrl_hs|  matMultiply<float, 6, 6, 6>.5|  return value|
|ap_ready             |  out|    1|  ap_ctrl_hs|  matMultiply<float, 6, 6, 6>.5|  return value|
|grp_fu_3680_p_din0   |  out|   32|  ap_ctrl_hs|  matMultiply<float, 6, 6, 6>.5|  return value|
|grp_fu_3680_p_din1   |  out|   32|  ap_ctrl_hs|  matMultiply<float, 6, 6, 6>.5|  return value|
|grp_fu_3680_p_dout0  |   in|   32|  ap_ctrl_hs|  matMultiply<float, 6, 6, 6>.5|  return value|
|grp_fu_3680_p_ce     |  out|    1|  ap_ctrl_hs|  matMultiply<float, 6, 6, 6>.5|  return value|
|mat_in_L_address0    |  out|    5|   ap_memory|                       mat_in_L|         array|
|mat_in_L_ce0         |  out|    1|   ap_memory|                       mat_in_L|         array|
|mat_in_L_q0          |   in|   32|   ap_memory|                       mat_in_L|         array|
|mat_in_R_address0    |  out|    6|   ap_memory|                       mat_in_R|         array|
|mat_in_R_ce0         |  out|    1|   ap_memory|                       mat_in_R|         array|
|mat_in_R_q0          |   in|   32|   ap_memory|                       mat_in_R|         array|
|mat_out_address0     |  out|    6|   ap_memory|                        mat_out|         array|
|mat_out_ce0          |  out|    1|   ap_memory|                        mat_out|         array|
|mat_out_we0          |  out|    1|   ap_memory|                        mat_out|         array|
|mat_out_d0           |  out|   32|   ap_memory|                        mat_out|         array|
+---------------------+-----+-----+------------+-------------------------------+--------------+

