

================================================================
== Vitis HLS Report for 'matMultiply_float_6_6_6_s'
================================================================
* Date:           Thu Nov 24 12:24:08 2022

* Version:        2020.2 (Build 3064766 on Wed Nov 18 09:12:47 MST 2020)
* Project:        KF_kernel
* Solution:       solution1 (Vivado IP Flow Target)
* Product family: zynquplus
* Target device:  xczu3eg-sbva484-1-i


================================================================
== Performance Estimates
================================================================
+ Timing: 
    * Summary: 
    +--------+----------+----------+------------+
    |  Clock |  Target  | Estimated| Uncertainty|
    +--------+----------+----------+------------+
    |ap_clk  |  10.00 ns|  6.023 ns|     2.70 ns|
    +--------+----------+----------+------------+

+ Latency: 
    * Summary: 
    +---------+---------+-----------+-----------+------+------+---------+
    |  Latency (cycles) |   Latency (absolute)  |   Interval  | Pipeline|
    |   min   |   max   |    min    |    max    |  min |  max |   Type  |
    +---------+---------+-----------+-----------+------+------+---------+
    |     1813|     1813|  18.130 us|  18.130 us|  1813|  1813|     none|
    +---------+---------+-----------+-----------+------+------+---------+

    + Detail: 
        * Instance: 
        N/A

        * Loop: 
        +--------------------+---------+---------+----------+-----------+-----------+------+----------+
        |                    |  Latency (cycles) | Iteration|  Initiation Interval  | Trip |          |
        |      Loop Name     |   min   |   max   |  Latency |  achieved |   target  | Count| Pipelined|
        +--------------------+---------+---------+----------+-----------+-----------+------+----------+
        |- matMul_loop_L     |     1812|     1812|       302|          -|          -|     6|        no|
        | + matMul_loop_N    |      300|      300|        50|          -|          -|     6|        no|
        |  ++ matMul_loop_M  |       48|       48|         8|          -|          -|     6|        no|
        +--------------------+---------+---------+----------+-----------+-----------+------+----------+



================================================================
== Utilization Estimates
================================================================
* Summary: 
+-----------------+---------+-----+--------+-------+-----+
|       Name      | BRAM_18K| DSP |   FF   |  LUT  | URAM|
+-----------------+---------+-----+--------+-------+-----+
|DSP              |        -|    -|       -|      -|    -|
|Expression       |        -|    -|       0|    127|    -|
|FIFO             |        -|    -|       -|      -|    -|
|Instance         |        -|    3|     280|    971|    -|
|Memory           |        -|    -|       -|      -|    -|
|Multiplexer      |        -|    -|       -|    101|    -|
|Register         |        -|    -|     108|      -|    -|
+-----------------+---------+-----+--------+-------+-----+
|Total            |        0|    3|     388|   1199|    0|
+-----------------+---------+-----+--------+-------+-----+
|Available        |      432|  360|  141120|  70560|    0|
+-----------------+---------+-----+--------+-------+-----+
|Utilization (%)  |        0|   ~0|      ~0|      1|    0|
+-----------------+---------+-----+--------+-------+-----+

+ Detail: 
    * Instance: 
    +--------------------------------------+----------------------------------+---------+----+-----+-----+-----+
    |               Instance               |              Module              | BRAM_18K| DSP|  FF | LUT | URAM|
    +--------------------------------------+----------------------------------+---------+----+-----+-----+-----+
    |facc_32ns_32ns_1ns_32_3_no_dsp_1_U18  |facc_32ns_32ns_1ns_32_3_no_dsp_1  |        0|   0|  137|  831|    0|
    |fmul_32ns_32ns_32_4_max_dsp_1_U17     |fmul_32ns_32ns_32_4_max_dsp_1     |        0|   3|  143|  140|    0|
    +--------------------------------------+----------------------------------+---------+----+-----+-----+-----+
    |Total                                 |                                  |        0|   3|  280|  971|    0|
    +--------------------------------------+----------------------------------+---------+----+-----+-----+-----+

    * DSP: 
    N/A

    * Memory: 
    N/A

    * FIFO: 
    N/A

    * Expression: 
    +----------------------+----------+----+---+----+------------+------------+
    |     Variable Name    | Operation| DSP| FF| LUT| Bitwidth P0| Bitwidth P1|
    +----------------------+----------+----+---+----+------------+------------+
    |add_ln13_fu_125_p2    |         +|   0|  0|  10|           3|           1|
    |add_ln17_fu_163_p2    |         +|   0|  0|  10|           3|           1|
    |add_ln20_fu_179_p2    |         +|   0|  0|  13|           6|           6|
    |add_ln23_fu_189_p2    |         +|   0|  0|  10|           3|           1|
    |add_ln27_7_fu_241_p2  |         +|   0|  0|  13|           6|           6|
    |add_ln27_fu_205_p2    |         +|   0|  0|  13|           6|           6|
    |empty_fu_157_p2       |         -|   0|  0|  13|           6|           6|
    |sub_ln27_fu_235_p2    |         -|   0|  0|  13|           6|           6|
    |icmp_ln13_fu_131_p2   |      icmp|   0|  0|   8|           3|           3|
    |icmp_ln17_fu_173_p2   |      icmp|   0|  0|   8|           3|           3|
    |icmp_ln23_fu_199_p2   |      icmp|   0|  0|   8|           3|           3|
    |icmp_ln27_fu_251_p2   |      icmp|   0|  0|   8|           3|           3|
    +----------------------+----------+----+---+----+------------+------------+
    |Total                 |          |   0|  0| 127|          51|          45|
    +----------------------+----------+----+---+----+------------+------------+

    * Multiplexer: 
    +-----------------+----+-----------+-----+-----------+
    |       Name      | LUT| Input Size| Bits| Total Bits|
    +-----------------+----+-----------+-----+-----------+
    |add1913_reg_107  |   9|          2|   32|         64|
    |ap_NS_fsm        |  65|         12|    1|         12|
    |i_reg_74         |   9|          2|    3|          6|
    |j_reg_96         |   9|          2|    3|          6|
    |k_reg_85         |   9|          2|    3|          6|
    +-----------------+----+-----------+-----+-----------+
    |Total            | 101|         20|   42|         94|
    +-----------------+----+-----------+-----+-----------+

    * Register: 
    +----------------------+----+----+-----+-----------+
    |         Name         | FF | LUT| Bits| Const Bits|
    +----------------------+----+----+-----+-----------+
    |add1913_reg_107       |  32|   0|   32|          0|
    |add_ln13_reg_263      |   3|   0|    3|          0|
    |add_ln17_reg_277      |   3|   0|    3|          0|
    |add_ln23_reg_295      |   3|   0|    3|          0|
    |ap_CS_fsm             |  11|   0|   11|          0|
    |empty_reg_271         |   5|   0|    6|          1|
    |i_reg_74              |   3|   0|    3|          0|
    |icmp_ln27_reg_313     |   1|   0|    1|          0|
    |j_reg_96              |   3|   0|    3|          0|
    |k_reg_85              |   3|   0|    3|          0|
    |mat_out_addr_reg_290  |   6|   0|    6|          0|
    |mul_reg_328           |  32|   0|   32|          0|
    |zext_ln17_reg_282     |   3|   0|    6|          3|
    +----------------------+----+----+-----+-----------+
    |Total                 | 108|   0|  112|          4|
    +----------------------+----+----+-----+-----------+



================================================================
== Interface
================================================================
* Summary: 
+-------------------+-----+-----+------------+-----------------------------+--------------+
|     RTL Ports     | Dir | Bits|  Protocol  |        Source Object        |    C Type    |
+-------------------+-----+-----+------------+-----------------------------+--------------+
|ap_clk             |   in|    1|  ap_ctrl_hs|  matMultiply<float, 6, 6, 6>|  return value|
|ap_rst             |   in|    1|  ap_ctrl_hs|  matMultiply<float, 6, 6, 6>|  return value|
|ap_start           |   in|    1|  ap_ctrl_hs|  matMultiply<float, 6, 6, 6>|  return value|
|ap_done            |  out|    1|  ap_ctrl_hs|  matMultiply<float, 6, 6, 6>|  return value|
|ap_idle            |  out|    1|  ap_ctrl_hs|  matMultiply<float, 6, 6, 6>|  return value|
|ap_ready           |  out|    1|  ap_ctrl_hs|  matMultiply<float, 6, 6, 6>|  return value|
|mat_in_L_address0  |  out|    6|   ap_memory|                     mat_in_L|         array|
|mat_in_L_ce0       |  out|    1|   ap_memory|                     mat_in_L|         array|
|mat_in_L_q0        |   in|   32|   ap_memory|                     mat_in_L|         array|
|mat_in_R_address0  |  out|    6|   ap_memory|                     mat_in_R|         array|
|mat_in_R_ce0       |  out|    1|   ap_memory|                     mat_in_R|         array|
|mat_in_R_q0        |   in|   32|   ap_memory|                     mat_in_R|         array|
|mat_out_address0   |  out|    6|   ap_memory|                      mat_out|         array|
|mat_out_ce0        |  out|    1|   ap_memory|                      mat_out|         array|
|mat_out_we0        |  out|    1|   ap_memory|                      mat_out|         array|
|mat_out_d0         |  out|   32|   ap_memory|                      mat_out|         array|
+-------------------+-----+-----+------------+-----------------------------+--------------+

