

================================================================
== Vitis HLS Report for 'matMultiply_float_6_6_6_7'
================================================================
* Date:           Tue Nov 22 20:35:51 2022

* Version:        2020.2 (Build 3064766 on Wed Nov 18 09:12:47 MST 2020)
* Project:        KF_kernel
* Solution:       solution1 (Vivado IP Flow Target)
* Product family: zynquplus
* Target device:  xczu3eg-sbva484-1-i


================================================================
== Performance Estimates
================================================================
+ Timing: 
    * Summary: 
    +--------+----------+----------+------------+
    |  Clock |  Target  | Estimated| Uncertainty|
    +--------+----------+----------+------------+
    |ap_clk  |  10.00 ns|  6.023 ns|     2.70 ns|
    +--------+----------+----------+------------+

+ Latency: 
    * Summary: 
    +---------+---------+----------+----------+-----+-----+---------+
    |  Latency (cycles) |  Latency (absolute) |  Interval | Pipeline|
    |   min   |   max   |    min   |    max   | min | max |   Type  |
    +---------+---------+----------+----------+-----+-----+---------+
    |      313|      313|  3.130 us|  3.130 us|  313|  313|     none|
    +---------+---------+----------+----------+-----+-----+---------+

    + Detail: 
        * Instance: 
        N/A

        * Loop: 
        +--------------------+---------+---------+----------+-----------+-----------+------+----------+
        |                    |  Latency (cycles) | Iteration|  Initiation Interval  | Trip |          |
        |      Loop Name     |   min   |   max   |  Latency |  achieved |   target  | Count| Pipelined|
        +--------------------+---------+---------+----------+-----------+-----------+------+----------+
        |- matMul_loop_L     |      312|      312|        52|          -|          -|     6|        no|
        | + matMul_loop_N    |       50|       50|        50|          -|          -|     1|        no|
        |  ++ matMul_loop_M  |       48|       48|         8|          -|          -|     6|        no|
        +--------------------+---------+---------+----------+-----------+-----------+------+----------+



================================================================
== Utilization Estimates
================================================================
* Summary: 
+-----------------+---------+-----+--------+-------+-----+
|       Name      | BRAM_18K| DSP |   FF   |  LUT  | URAM|
+-----------------+---------+-----+--------+-------+-----+
|DSP              |        -|    -|       -|      -|    -|
|Expression       |        -|    -|       0|     90|    -|
|FIFO             |        -|    -|       -|      -|    -|
|Instance         |        -|    -|     137|    831|    -|
|Memory           |        -|    -|       -|      -|    -|
|Multiplexer      |        -|    -|       -|     92|    -|
|Register         |        -|    -|      98|      -|    -|
+-----------------+---------+-----+--------+-------+-----+
|Total            |        0|    0|     235|   1013|    0|
+-----------------+---------+-----+--------+-------+-----+
|Available        |      432|  360|  141120|  70560|    0|
+-----------------+---------+-----+--------+-------+-----+
|Utilization (%)  |        0|    0|      ~0|      1|    0|
+-----------------+---------+-----+--------+-------+-----+

+ Detail: 
    * Instance: 
    +-------------------------------------+----------------------------------+---------+----+-----+-----+-----+
    |               Instance              |              Module              | BRAM_18K| DSP|  FF | LUT | URAM|
    +-------------------------------------+----------------------------------+---------+----+-----+-----+-----+
    |facc_32ns_32ns_1ns_32_3_no_dsp_1_U2  |facc_32ns_32ns_1ns_32_3_no_dsp_1  |        0|   0|  137|  831|    0|
    +-------------------------------------+----------------------------------+---------+----+-----+-----+-----+
    |Total                                |                                  |        0|   0|  137|  831|    0|
    +-------------------------------------+----------------------------------+---------+----+-----+-----+-----+

    * DSP: 
    N/A

    * Memory: 
    N/A

    * FIFO: 
    N/A

    * Expression: 
    +----------------------+----------+----+---+----+------------+------------+
    |     Variable Name    | Operation| DSP| FF| LUT| Bitwidth P0| Bitwidth P1|
    +----------------------+----------+----+---+----+------------+------------+
    |add_ln13_fu_132_p2    |         +|   0|  0|  10|           3|           1|
    |add_ln20_fu_174_p2    |         +|   0|  0|  10|           3|           3|
    |add_ln23_fu_185_p2    |         +|   0|  0|  10|           3|           1|
    |add_ln27_1_fu_211_p2  |         +|   0|  0|  10|           3|           3|
    |add_ln27_fu_201_p2    |         +|   0|  0|  13|           6|           6|
    |empty_fu_164_p2       |         -|   0|  0|  13|           6|           6|
    |icmp_ln13_fu_138_p2   |      icmp|   0|  0|   8|           3|           3|
    |icmp_ln23_fu_195_p2   |      icmp|   0|  0|   8|           3|           3|
    |icmp_ln27_fu_221_p2   |      icmp|   0|  0|   8|           3|           3|
    +----------------------+----------+----+---+----+------------+------------+
    |Total                 |          |   0|  0|  90|          33|          29|
    +----------------------+----------+----+---+----+------------+------------+

    * Multiplexer: 
    +-----------------+----+-----------+-----+-----------+
    |       Name      | LUT| Input Size| Bits| Total Bits|
    +-----------------+----+-----------+-----+-----------+
    |add1913_reg_114  |   9|          2|   32|         64|
    |ap_NS_fsm        |  65|         12|    1|         12|
    |i_reg_78         |   9|          2|    3|          6|
    |j_reg_103        |   9|          2|    3|          6|
    +-----------------+----+-----------+-----+-----------+
    |Total            |  92|         18|   39|         88|
    +-----------------+----+-----------+-----+-----------+

    * Register: 
    +----------------------+----+----+-----+-----------+
    |         Name         | FF | LUT| Bits| Const Bits|
    +----------------------+----+----+-----+-----------+
    |add1913_reg_114       |  32|   0|   32|          0|
    |add_ln13_reg_233      |   3|   0|    3|          0|
    |add_ln23_reg_256      |   3|   0|    3|          0|
    |ap_CS_fsm             |  11|   0|   11|          0|
    |empty_reg_241         |   5|   0|    6|          1|
    |i_reg_78              |   3|   0|    3|          0|
    |icmp_ln27_reg_274     |   1|   0|    1|          0|
    |j_reg_103             |   3|   0|    3|          0|
    |k_reg_90              |   1|   0|    1|          0|
    |mat_out_addr_reg_251  |   3|   0|    6|          3|
    |mul_reg_289           |  32|   0|   32|          0|
    |zext_ln17_reg_246     |   1|   0|    3|          2|
    +----------------------+----+----+-----+-----------+
    |Total                 |  98|   0|  104|          6|
    +----------------------+----+----+-----+-----------+



================================================================
== Interface
================================================================
* Summary: 
+---------------------+-----+-----+------------+-------------------------------+--------------+
|      RTL Ports      | Dir | Bits|  Protocol  |         Source Object         |    C Type    |
+---------------------+-----+-----+------------+-------------------------------+--------------+
|ap_clk               |   in|    1|  ap_ctrl_hs|  matMultiply<float, 6, 6, 6>.7|  return value|
|ap_rst               |   in|    1|  ap_ctrl_hs|  matMultiply<float, 6, 6, 6>.7|  return value|
|ap_start             |   in|    1|  ap_ctrl_hs|  matMultiply<float, 6, 6, 6>.7|  return value|
|ap_done              |  out|    1|  ap_ctrl_hs|  matMultiply<float, 6, 6, 6>.7|  return value|
|ap_idle              |  out|    1|  ap_ctrl_hs|  matMultiply<float, 6, 6, 6>.7|  return value|
|ap_ready             |  out|    1|  ap_ctrl_hs|  matMultiply<float, 6, 6, 6>.7|  return value|
|grp_fu_3639_p_din0   |  out|   32|  ap_ctrl_hs|  matMultiply<float, 6, 6, 6>.7|  return value|
|grp_fu_3639_p_din1   |  out|   32|  ap_ctrl_hs|  matMultiply<float, 6, 6, 6>.7|  return value|
|grp_fu_3639_p_dout0  |   in|   32|  ap_ctrl_hs|  matMultiply<float, 6, 6, 6>.7|  return value|
|grp_fu_3639_p_ce     |  out|    1|  ap_ctrl_hs|  matMultiply<float, 6, 6, 6>.7|  return value|
|mat_in_L_address0    |  out|    6|   ap_memory|                       mat_in_L|         array|
|mat_in_L_ce0         |  out|    1|   ap_memory|                       mat_in_L|         array|
|mat_in_L_q0          |   in|   32|   ap_memory|                       mat_in_L|         array|
|mat_in_R_address0    |  out|    3|   ap_memory|                       mat_in_R|         array|
|mat_in_R_ce0         |  out|    1|   ap_memory|                       mat_in_R|         array|
|mat_in_R_q0          |   in|   32|   ap_memory|                       mat_in_R|         array|
|mat_out_address0     |  out|    6|   ap_memory|                        mat_out|         array|
|mat_out_ce0          |  out|    1|   ap_memory|                        mat_out|         array|
|mat_out_we0          |  out|    1|   ap_memory|                        mat_out|         array|
|mat_out_d0           |  out|   32|   ap_memory|                        mat_out|         array|
+---------------------+-----+-----+------------+-------------------------------+--------------+

