

================================================================
== Vitis HLS Report for 'KalmanFilterKernel'
================================================================
* Date:           Tue Nov 29 21:25:55 2022

* Version:        2020.2 (Build 3064766 on Wed Nov 18 09:12:47 MST 2020)
* Project:        different_Kalman
* Solution:       solution1 (Vivado IP Flow Target)
* Product family: zynquplus
* Target device:  xczu3eg-sbva484-1-i


================================================================
== Performance Estimates
================================================================
+ Timing: 
    * Summary: 
    +--------+----------+----------+------------+
    |  Clock |  Target  | Estimated| Uncertainty|
    +--------+----------+----------+------------+
    |ap_clk  |  10.00 ns|  7.241 ns|     2.70 ns|
    +--------+----------+----------+------------+

+ Latency: 
    * Summary: 
    +---------+---------+----------+----------+-------+-------+---------+
    |  Latency (cycles) |  Latency (absolute) |    Interval   | Pipeline|
    |   min   |   max   |    min   |    max   |  min  |  max  |   Type  |
    +---------+---------+----------+----------+-------+-------+---------+
    |    10456|    11388|  0.105 ms|  0.114 ms|  10457|  11389|     none|
    +---------+---------+----------+----------+-------+-------+---------+

    + Detail: 
        * Instance: 
        +---------------------------------------+---------------------------+---------+---------+-----------+-----------+------+------+---------+
        |                                       |                           |  Latency (cycles) |   Latency (absolute)  |   Interval  | Pipeline|
        |                Instance               |           Module          |   min   |   max   |    min    |    max    |  min |  max |   Type  |
        +---------------------------------------+---------------------------+---------+---------+-----------+-----------+------+------+---------+
        |grp_matMultiply_float_6_6_6_2_fu_1188  |matMultiply_float_6_6_6_2  |      169|      169|   1.690 us|   1.690 us|   169|   169|     none|
        |grp_matMultiply_float_6_6_6_4_fu_1198  |matMultiply_float_6_6_6_4  |      457|      913|   4.570 us|   9.130 us|   457|   913|     none|
        |grp_matMultiply_float_6_6_6_1_fu_1209  |matMultiply_float_6_6_6_1  |      949|      949|   9.490 us|   9.490 us|   949|   949|     none|
        |grp_matMultiply_float_6_6_6_s_fu_1217  |matMultiply_float_6_6_6_s  |     1813|     1813|  18.130 us|  18.130 us|  1813|  1813|     none|
        |grp_matMultiply_float_6_6_6_5_fu_1225  |matMultiply_float_6_6_6_5  |      907|      907|   9.070 us|   9.070 us|   907|   907|     none|
        |grp_matMultiply_float_6_6_6_3_fu_1233  |matMultiply_float_6_6_6_3  |      481|      481|   4.810 us|   4.810 us|   481|   481|     none|
        |grp_matMultiply_float_6_6_6_7_fu_1240  |matMultiply_float_6_6_6_7  |      313|      313|   3.130 us|   3.130 us|   313|   313|     none|
        |grp_matMultiply_float_6_6_6_6_fu_1248  |matMultiply_float_6_6_6_6  |      157|      157|   1.570 us|   1.570 us|   157|   157|     none|
        +---------------------------------------+---------------------------+---------+---------+-----------+-----------+------+------+---------+

        * Loop: 
        +---------------------+---------+---------+----------+-----------+-----------+------+----------+
        |                     |  Latency (cycles) | Iteration|  Initiation Interval  | Trip |          |
        |      Loop Name      |   min   |   max   |  Latency |  achieved |   target  | Count| Pipelined|
        +---------------------+---------+---------+----------+-----------+-----------+------+----------+
        |- VITIS_LOOP_47_1    |        6|        6|         2|          1|          1|     6|       yes|
        |- VITIS_LOOP_104_2   |        3|        3|         2|          1|          1|     3|       yes|
        |- VITIS_LOOP_106_3   |        6|        6|         2|          1|          1|     6|       yes|
        |- VITIS_LOOP_108_4   |       36|       36|         2|          1|          1|    36|       yes|
        |- VITIS_LOOP_41_1    |       54|       54|         9|          -|          -|     6|        no|
        | + VITIS_LOOP_44_2   |        7|        7|         7|          -|          -|     1|        no|
        |- VITIS_LOOP_81_1    |       84|       84|        14|          -|          -|     6|        no|
        | + VITIS_LOOP_84_2   |       12|       12|         2|          -|          -|     6|        no|
        |- VITIS_LOOP_41_1    |      300|      300|        50|          -|          -|     6|        no|
        | + VITIS_LOOP_44_2   |       48|       48|         8|          -|          -|     6|        no|
        |- VITIS_LOOP_125_5   |        3|        3|         2|          1|          1|     3|       yes|
        |- VITIS_LOOP_130_6   |        6|        6|         2|          1|          1|     6|       yes|
        |- VITIS_LOOP_131_7   |       36|       36|         2|          1|          1|    36|       yes|
        |- VITIS_LOOP_61_1    |       21|       21|         7|          -|          -|     3|        no|
        |- VITIS_LOOP_41_1    |       69|       69|        23|          -|          -|     3|        no|
        | + VITIS_LOOP_44_2   |       21|       21|         7|          -|          -|     3|        no|
        |- VITIS_LOOP_100_1   |       48|       48|        16|          -|          -|     3|        no|
        | + VITIS_LOOP_103_2  |        3|        3|         1|          -|          -|     3|        no|
        |- VITIS_LOOP_41_1    |       54|       54|         9|          -|          -|     6|        no|
        | + VITIS_LOOP_44_2   |        7|        7|         7|          -|          -|     1|        no|
        |- VITIS_LOOP_61_1    |      300|      300|        50|          -|          -|     6|        no|
        | + VITIS_LOOP_64_2   |       48|       48|         8|          -|          -|     6|        no|
        |- VITIS_LOOP_161_8   |        6|        6|         2|          1|          1|     6|       yes|
        |- VITIS_LOOP_162_9   |       36|       36|         2|          1|          1|    36|       yes|
        |- VITIS_LOOP_163_10  |        6|        6|         2|          1|          1|     6|       yes|
        |- VITIS_LOOP_167_11  |        6|        6|         2|          1|          1|     6|       yes|
        +---------------------+---------+---------+----------+-----------+-----------+------+----------+



================================================================
== Utilization Estimates
================================================================
* Summary: 
+-----------------+---------+-----+--------+-------+-----+
|       Name      | BRAM_18K| DSP |   FF   |  LUT  | URAM|
+-----------------+---------+-----+--------+-------+-----+
|DSP              |        -|    -|       -|      -|    -|
|Expression       |        -|    -|       0|    676|    -|
|FIFO             |        -|    -|       -|      -|    -|
|Instance         |        0|   14|    2916|   9290|    -|
|Memory           |       11|    -|     736|     60|    -|
|Multiplexer      |        -|    -|       -|   2643|    -|
|Register         |        -|    -|    1045|      -|    -|
+-----------------+---------+-----+--------+-------+-----+
|Total            |       11|   14|    4697|  12669|    0|
+-----------------+---------+-----+--------+-------+-----+
|Available        |      432|  360|  141120|  70560|    0|
+-----------------+---------+-----+--------+-------+-----+
|Utilization (%)  |        2|    3|       3|     17|    0|
+-----------------+---------+-----+--------+-------+-----+

+ Detail: 
    * Instance: 
    +----------------------------------------+------------------------------------+---------+----+-----+------+-----+
    |                Instance                |               Module               | BRAM_18K| DSP|  FF |  LUT | URAM|
    +----------------------------------------+------------------------------------+---------+----+-----+------+-----+
    |AXI_CPU_s_axi_U                         |AXI_CPU_s_axi                       |        0|   0|  112|   168|    0|
    |faddfsub_32ns_32ns_32_5_full_dsp_1_U48  |faddfsub_32ns_32ns_32_5_full_dsp_1  |        0|   2|  205|   206|    0|
    |fdiv_32ns_32ns_32_10_no_dsp_1_U49       |fdiv_32ns_32ns_32_10_no_dsp_1       |        0|   0|    0|     0|    0|
    |fmul_32ns_32ns_32_4_max_dsp_1_U51       |fmul_32ns_32ns_32_4_max_dsp_1       |        0|   3|  143|   140|    0|
    |grp_matMultiply_float_6_6_6_1_fu_1209   |matMultiply_float_6_6_6_1           |        0|   0|  280|  1072|    0|
    |grp_matMultiply_float_6_6_6_2_fu_1188   |matMultiply_float_6_6_6_2           |        0|   3|  407|  1154|    0|
    |grp_matMultiply_float_6_6_6_3_fu_1233   |matMultiply_float_6_6_6_3           |        0|   0|  245|  1044|    0|
    |grp_matMultiply_float_6_6_6_4_fu_1198   |matMultiply_float_6_6_6_4           |        0|   3|  423|  1214|    0|
    |grp_matMultiply_float_6_6_6_5_fu_1225   |matMultiply_float_6_6_6_5           |        0|   0|  247|  1057|    0|
    |grp_matMultiply_float_6_6_6_6_fu_1248   |matMultiply_float_6_6_6_6           |        0|   0|  231|  1009|    0|
    |grp_matMultiply_float_6_6_6_7_fu_1240   |matMultiply_float_6_6_6_7           |        0|   0|  235|  1013|    0|
    |grp_matMultiply_float_6_6_6_s_fu_1217   |matMultiply_float_6_6_6_s           |        0|   3|  388|  1199|    0|
    |mux_32_32_1_1_U50                       |mux_32_32_1_1                       |        0|   0|    0|    14|    0|
    +----------------------------------------+------------------------------------+---------+----+-----+------+-----+
    |Total                                   |                                    |        0|  14| 2916|  9290|    0|
    +----------------------------------------+------------------------------------+---------+----+-----+------+-----+

    * DSP: 
    N/A

    * Memory: 
    +--------------------+-----------------------------+---------+----+----+-----+------+-----+------+-------------+
    |       Memory       |            Module           | BRAM_18K| FF | LUT| URAM| Words| Bits| Banks| W*Bits*Banks|
    +--------------------+-----------------------------+---------+----+----+-----+------+-----+------+-------------+
    |A_U                 |A                            |        1|   0|   0|    0|    36|   32|     1|         1152|
    |B_U                 |B                            |        0|  64|   9|    0|    18|   32|     1|          576|
    |I_U                 |I                            |        1|   0|   0|    0|    36|   32|     1|         1152|
    |K_U                 |K                            |        0|  64|   9|    0|    18|   32|     1|          576|
    |P_U                 |P                            |        1|   0|   0|    0|    36|   32|     1|         1152|
    |P_minus_U           |P                            |        1|   0|   0|    0|    36|   32|     1|         1152|
    |P_plus_U            |P                            |        1|   0|   0|    0|    36|   32|     1|         1152|
    |tmp_mat_1_U         |P                            |        1|   0|   0|    0|    36|   32|     1|         1152|
    |tmp_mat_2_U         |P                            |        1|   0|   0|    0|    36|   32|     1|         1152|
    |tmp_mat_3_U         |P                            |        1|   0|   0|    0|    36|   32|     1|         1152|
    |P_hat_U             |P_hat                        |        1|   0|   0|    0|    36|   32|     1|         1152|
    |Q_r_U               |Q_r                          |        2|   0|   0|    0|    36|   32|     1|         1152|
    |R_r_U               |R_r                          |        0|  64|   5|    0|     9|   32|     1|          288|
    |din_s_U             |din_s                        |        0|  64|   3|    0|     6|   32|     1|          192|
    |dout_s_U            |dout_s                       |        0|  64|   3|    0|     6|   32|     1|          192|
    |x_U                 |dout_s                       |        0|  64|   3|    0|     6|   32|     1|          192|
    |x_minus_U           |dout_s                       |        0|  64|   3|    0|     6|   32|     1|          192|
    |x_plus_U            |dout_s                       |        0|  64|   3|    0|     6|   32|     1|          192|
    |H_U                 |matMultiply_float_6_6_6_1_H  |        0|  32|   9|    0|    18|   32|     1|          576|
    |mat_out_assign_2_U  |mat_out_assign_2             |        0|  64|   5|    0|     9|   32|     1|          288|
    |S_inv_U             |mat_out_assign_2             |        0|  64|   5|    0|     9|   32|     1|          288|
    |x_hat_U             |x_hat                        |        0|  64|   3|    0|     6|   32|     1|          192|
    +--------------------+-----------------------------+---------+----+----+-----+------+-----+------+-------------+
    |Total               |                             |       11| 736|  60|    0|   477|  704|    22|        15264|
    +--------------------+-----------------------------+---------+----+----+-----+------+-----+------+-------------+

    * FIFO: 
    N/A

    * Expression: 
    +----------------------------------+----------+----+---+----+------------+------------+
    |           Variable Name          | Operation| DSP| FF| LUT| Bitwidth P0| Bitwidth P1|
    +----------------------------------+----------+----+---+----+------------+------------+
    |add_ln100_fu_1810_p2              |         +|   0|  0|   9|           2|           1|
    |add_ln103_fu_1846_p2              |         +|   0|  0|   9|           2|           1|
    |add_ln104_fu_1340_p2              |         +|   0|  0|   9|           2|           1|
    |add_ln106_fu_1372_p2              |         +|   0|  0|  10|           3|           1|
    |add_ln108_fu_1389_p2              |         +|   0|  0|  13|           6|           1|
    |add_ln110_fu_1868_p2              |         +|   0|  0|  12|           4|           4|
    |add_ln125_1_fu_1617_p2            |         +|   0|  0|   9|           2|           1|
    |add_ln125_fu_1633_p2              |         +|   0|  0|  10|           3|           2|
    |add_ln130_fu_1662_p2              |         +|   0|  0|  10|           3|           1|
    |add_ln131_fu_1679_p2              |         +|   0|  0|  13|           6|           1|
    |add_ln161_fu_1982_p2              |         +|   0|  0|  10|           3|           1|
    |add_ln162_fu_1999_p2              |         +|   0|  0|  13|           6|           1|
    |add_ln163_fu_2016_p2              |         +|   0|  0|  10|           3|           1|
    |add_ln167_fu_2033_p2              |         +|   0|  0|  10|           3|           1|
    |add_ln41_1_fu_1552_p2             |         +|   0|  0|  10|           3|           1|
    |add_ln41_2_fu_1750_p2             |         +|   0|  0|   9|           2|           1|
    |add_ln41_3_fu_1890_p2             |         +|   0|  0|  10|           3|           1|
    |add_ln41_fu_1421_p2               |         +|   0|  0|  10|           3|           1|
    |add_ln44_1_fu_1784_p2             |         +|   0|  0|   9|           2|           1|
    |add_ln44_fu_1590_p2               |         +|   0|  0|  10|           3|           1|
    |add_ln47_fu_1288_p2               |         +|   0|  0|  10|           3|           1|
    |add_ln48_1_fu_1606_p2             |         +|   0|  0|  13|           6|           6|
    |add_ln48_2_fu_1800_p2             |         +|   0|  0|  12|           5|           5|
    |add_ln48_3_fu_1906_p2             |         +|   0|  0|  10|           3|           3|
    |add_ln48_fu_1437_p2               |         +|   0|  0|  10|           3|           3|
    |add_ln61_1_fu_1917_p2             |         +|   0|  0|  10|           3|           1|
    |add_ln61_fu_1696_p2               |         +|   0|  0|   9|           2|           1|
    |add_ln64_fu_1955_p2               |         +|   0|  0|  10|           3|           1|
    |add_ln68_fu_1971_p2               |         +|   0|  0|  13|           6|           6|
    |add_ln81_fu_1449_p2               |         +|   0|  0|  10|           3|           1|
    |add_ln84_fu_1491_p2               |         +|   0|  0|  10|           3|           1|
    |add_ln88_1_fu_1543_p2             |         +|   0|  0|  13|           6|           6|
    |add_ln88_fu_1507_p2               |         +|   0|  0|  13|           6|           6|
    |empty_54_fu_1584_p2               |         -|   0|  0|  13|           6|           6|
    |empty_55_fu_1778_p2               |         -|   0|  0|  12|           5|           5|
    |empty_56_fu_1840_p2               |         -|   0|  0|  12|           4|           4|
    |empty_57_fu_1949_p2               |         -|   0|  0|  13|           6|           6|
    |empty_fu_1485_p2                  |         -|   0|  0|  13|           6|           6|
    |sub_ln88_fu_1537_p2               |         -|   0|  0|  13|           6|           6|
    |icmp_ln100_fu_1820_p2             |      icmp|   0|  0|   8|           2|           2|
    |icmp_ln103_fu_1856_p2             |      icmp|   0|  0|   8|           2|           2|
    |icmp_ln104_fu_1346_p2             |      icmp|   0|  0|   8|           2|           2|
    |icmp_ln106_fu_1378_p2             |      icmp|   0|  0|   8|           3|           3|
    |icmp_ln107_fu_1862_p2             |      icmp|   0|  0|   8|           2|           2|
    |icmp_ln108_fu_1395_p2             |      icmp|   0|  0|  10|           6|           6|
    |icmp_ln125_fu_1623_p2             |      icmp|   0|  0|   8|           2|           2|
    |icmp_ln130_fu_1668_p2             |      icmp|   0|  0|   8|           3|           3|
    |icmp_ln131_fu_1685_p2             |      icmp|   0|  0|  10|           6|           6|
    |icmp_ln161_fu_1988_p2             |      icmp|   0|  0|   8|           3|           3|
    |icmp_ln162_fu_2005_p2             |      icmp|   0|  0|  10|           6|           6|
    |icmp_ln163_fu_2022_p2             |      icmp|   0|  0|   8|           3|           3|
    |icmp_ln167_fu_2039_p2             |      icmp|   0|  0|   8|           3|           3|
    |icmp_ln41_1_fu_1558_p2            |      icmp|   0|  0|   8|           3|           3|
    |icmp_ln41_2_fu_1760_p2            |      icmp|   0|  0|   8|           2|           2|
    |icmp_ln41_3_fu_1896_p2            |      icmp|   0|  0|   8|           3|           3|
    |icmp_ln41_fu_1427_p2              |      icmp|   0|  0|   8|           3|           3|
    |icmp_ln44_1_fu_1794_p2            |      icmp|   0|  0|   8|           2|           2|
    |icmp_ln44_fu_1600_p2              |      icmp|   0|  0|   8|           3|           3|
    |icmp_ln47_fu_1294_p2              |      icmp|   0|  0|   8|           3|           3|
    |icmp_ln61_1_fu_1923_p2            |      icmp|   0|  0|   8|           3|           3|
    |icmp_ln61_fu_1707_p2              |      icmp|   0|  0|   8|           2|           2|
    |icmp_ln64_fu_1965_p2              |      icmp|   0|  0|   8|           3|           3|
    |icmp_ln81_fu_1459_p2              |      icmp|   0|  0|   8|           3|           3|
    |icmp_ln84_fu_1501_p2              |      icmp|   0|  0|   8|           3|           3|
    |ap_block_state37_on_subcall_done  |        or|   0|  0|   2|           1|           1|
    |ap_enable_pp0                     |       xor|   0|  0|   2|           1|           2|
    |ap_enable_pp1                     |       xor|   0|  0|   2|           1|           2|
    |ap_enable_pp10                    |       xor|   0|  0|   2|           1|           2|
    |ap_enable_pp2                     |       xor|   0|  0|   2|           1|           2|
    |ap_enable_pp3                     |       xor|   0|  0|   2|           1|           2|
    |ap_enable_pp4                     |       xor|   0|  0|   2|           1|           2|
    |ap_enable_pp5                     |       xor|   0|  0|   2|           1|           2|
    |ap_enable_pp6                     |       xor|   0|  0|   2|           1|           2|
    |ap_enable_pp7                     |       xor|   0|  0|   2|           1|           2|
    |ap_enable_pp8                     |       xor|   0|  0|   2|           1|           2|
    |ap_enable_pp9                     |       xor|   0|  0|   2|           1|           2|
    |ap_enable_reg_pp0_iter1           |       xor|   0|  0|   2|           2|           1|
    |ap_enable_reg_pp10_iter1          |       xor|   0|  0|   2|           2|           1|
    |ap_enable_reg_pp1_iter1           |       xor|   0|  0|   2|           2|           1|
    |ap_enable_reg_pp2_iter1           |       xor|   0|  0|   2|           2|           1|
    |ap_enable_reg_pp3_iter1           |       xor|   0|  0|   2|           2|           1|
    |ap_enable_reg_pp4_iter1           |       xor|   0|  0|   2|           2|           1|
    |ap_enable_reg_pp5_iter1           |       xor|   0|  0|   2|           2|           1|
    |ap_enable_reg_pp6_iter1           |       xor|   0|  0|   2|           2|           1|
    |ap_enable_reg_pp7_iter1           |       xor|   0|  0|   2|           2|           1|
    |ap_enable_reg_pp8_iter1           |       xor|   0|  0|   2|           2|           1|
    |ap_enable_reg_pp9_iter1           |       xor|   0|  0|   2|           2|           1|
    +----------------------------------+----------+----+---+----+------------+------------+
    |Total                             |          |   0|  0| 676|         259|         208|
    +----------------------------------+----------+----+---+----+------------+------------+

    * Multiplexer: 
    +-------------------------------------------------------+-----+-----------+-----+-----------+
    |                          Name                         | LUT | Input Size| Bits| Total Bits|
    +-------------------------------------------------------+-----+-----------+-----+-----------+
    |A_address0                                             |   20|          4|    6|         24|
    |A_ce0                                                  |   20|          4|    1|          4|
    |B_ce0                                                  |    9|          2|    1|          2|
    |H_address0                                             |   20|          4|    5|         20|
    |H_ce0                                                  |   14|          3|    1|          3|
    |K_address0                                             |   20|          4|    5|         20|
    |K_ce0                                                  |   20|          4|    1|          4|
    |K_we0                                                  |    9|          2|    1|          2|
    |P_address0                                             |   14|          3|    6|         18|
    |P_ce0                                                  |   14|          3|    1|          3|
    |P_hat_address0                                         |   14|          3|    6|         18|
    |P_minus_address0                                       |   31|          6|    6|         36|
    |P_minus_ce0                                            |   26|          5|    1|          5|
    |P_plus_address0                                        |   20|          4|    6|         24|
    |P_plus_ce0                                             |   14|          3|    1|          3|
    |P_plus_d0                                              |   14|          3|   32|         96|
    |P_plus_we0                                             |   14|          3|    1|          3|
    |Q_r_address0                                           |  100|         20|    6|        120|
    |Q_r_address1                                           |   93|         19|    6|        114|
    |Q_r_d0                                                 |   14|          3|   32|         96|
    |Q_r_d1                                                 |   14|          3|   32|         96|
    |R_r_address0                                           |   31|          6|    4|         24|
    |R_r_address1                                           |   31|          6|    4|         24|
    |R_r_d0                                                 |   14|          3|   32|         96|
    |R_r_d1                                                 |   14|          3|   32|         96|
    |S_inv_address0                                         |   20|          4|    4|         16|
    |S_inv_ce0                                              |   14|          3|    1|          3|
    |S_inv_d0                                               |   14|          3|   32|         96|
    |ap_NS_fsm                                              |  658|        126|    1|        126|
    |ap_enable_reg_pp0_iter1                                |   14|          3|    1|          3|
    |ap_enable_reg_pp10_iter1                               |   14|          3|    1|          3|
    |ap_enable_reg_pp1_iter1                                |   14|          3|    1|          3|
    |ap_enable_reg_pp2_iter1                                |   14|          3|    1|          3|
    |ap_enable_reg_pp3_iter1                                |   14|          3|    1|          3|
    |ap_enable_reg_pp4_iter1                                |   14|          3|    1|          3|
    |ap_enable_reg_pp5_iter1                                |   14|          3|    1|          3|
    |ap_enable_reg_pp6_iter1                                |   14|          3|    1|          3|
    |ap_enable_reg_pp7_iter1                                |   14|          3|    1|          3|
    |ap_enable_reg_pp8_iter1                                |   14|          3|    1|          3|
    |ap_enable_reg_pp9_iter1                                |   14|          3|    1|          3|
    |ap_phi_mux_j_12_phi_fu_1010_p4                         |    9|          2|    2|          4|
    |ap_phi_mux_j_phi_fu_907_p4                             |    9|          2|    2|          4|
    |din_s_address0                                         |   20|          4|    3|         12|
    |din_s_address1                                         |   20|          4|    3|         12|
    |dout_s_address0                                        |   14|          3|    3|          9|
    |grp_fu_1256_opcode                                     |   14|          3|    2|          6|
    |grp_fu_1256_p0                                         |   37|          7|   32|        224|
    |grp_fu_1256_p1                                         |   26|          5|   32|        160|
    |grp_fu_2627_ce                                         |   31|          6|    1|          6|
    |grp_fu_2627_p0                                         |   26|          5|   32|        160|
    |grp_fu_2627_p1                                         |   26|          5|   32|        160|
    |grp_matMultiply_float_6_6_6_2_fu_1188_mat_in_L_q0      |   14|          3|   32|         96|
    |grp_matMultiply_float_6_6_6_2_fu_1188_mat_in_R_0_read  |   14|          3|   32|         96|
    |grp_matMultiply_float_6_6_6_2_fu_1188_mat_in_R_1_read  |   14|          3|   32|         96|
    |grp_matMultiply_float_6_6_6_2_fu_1188_mat_in_R_2_read  |   14|          3|   32|         96|
    |grp_matMultiply_float_6_6_6_4_fu_1198_L                |   14|          3|    3|          9|
    |grp_matMultiply_float_6_6_6_4_fu_1198_mat_in_L_q0      |   14|          3|   32|         96|
    |grp_matMultiply_float_6_6_6_s_fu_1217_mat_in_L_q0      |   14|          3|   32|         96|
    |grp_matMultiply_float_6_6_6_s_fu_1217_mat_in_R_q0      |   20|          4|   32|        128|
    |i_1_reg_962                                            |    9|          2|    3|          6|
    |i_2_reg_937                                            |    9|          2|    3|          6|
    |i_3_reg_1074                                           |    9|          2|    2|          4|
    |i_4_reg_1122                                           |    9|          2|    3|          6|
    |i_5_reg_1177                                           |    9|          2|    3|          6|
    |i_6_reg_984                                            |    9|          2|    3|          6|
    |i_7_reg_1040                                           |    9|          2|    2|          4|
    |i_8_reg_1052                                           |    9|          2|    2|          4|
    |i_9_reg_1097                                           |    9|          2|    3|          6|
    |i_reg_892                                              |    9|          2|    3|          6|
    |j_10_reg_1155                                          |    9|          2|    6|         12|
    |j_11_reg_1166                                          |    9|          2|    3|          6|
    |j_12_reg_1006                                          |    9|          2|    2|          4|
    |j_13_reg_995                                           |    9|          2|    3|          6|
    |j_14_reg_1063                                          |    9|          2|    2|          4|
    |j_1_reg_915                                            |    9|          2|    3|          6|
    |j_2_reg_926                                            |    9|          2|    6|         12|
    |j_4_reg_973                                            |    9|          2|    3|          6|
    |j_5_reg_1018                                           |    9|          2|    3|          6|
    |j_6_reg_1029                                           |    9|          2|    6|         12|
    |j_7_reg_1086                                           |    9|          2|    2|          4|
    |j_8_reg_1144                                           |    9|          2|    3|          6|
    |j_9_reg_1133                                           |    9|          2|    3|          6|
    |j_reg_903                                              |    9|          2|    2|          4|
    |mat_out_assign_2_address0                              |   14|          3|    4|         12|
    |tmp_mat_1_address0                                     |   31|          6|    6|         36|
    |tmp_mat_1_ce0                                          |   26|          5|    1|          5|
    |tmp_mat_1_d0                                           |   20|          4|   32|        128|
    |tmp_mat_1_we0                                          |   20|          4|    1|          4|
    |tmp_mat_2_address0                                     |   49|          9|    6|         54|
    |tmp_mat_2_ce0                                          |   31|          6|    1|          6|
    |tmp_mat_2_d0                                           |   26|          5|   32|        160|
    |tmp_mat_2_we0                                          |   26|          5|    1|          5|
    |tmp_mat_3_address0                                     |   59|         11|    6|         66|
    |tmp_mat_3_ce0                                          |   49|          9|    1|          9|
    |tmp_mat_3_d0                                           |   31|          6|   32|        192|
    |tmp_mat_3_we0                                          |   31|          6|    1|          6|
    |x_address0                                             |   14|          3|    3|          9|
    |x_ce0                                                  |   14|          3|    1|          3|
    |x_hat_address0                                         |   26|          5|    3|         15|
    |x_hat_address1                                         |   26|          5|    3|         15|
    |x_hat_d0                                               |   14|          3|   32|         96|
    |x_hat_d1                                               |   26|          5|   32|        160|
    |x_minus_address0                                       |   26|          5|    3|         15|
    |x_minus_ce0                                            |   14|          3|    1|          3|
    |x_plus_address0                                        |   26|          5|    3|         15|
    |x_plus_d0                                              |   14|          3|   32|         96|
    +-------------------------------------------------------+-----+-----------+-----+-----------+
    |Total                                                  | 2643|        530|  960|       3953|
    +-------------------------------------------------------+-----+-----------+-----+-----------+

    * Register: 
    +----------------------------------------------------------------------------------------------+-----+----+-----+-----------+
    |                                             Name                                             |  FF | LUT| Bits| Const Bits|
    +----------------------------------------------------------------------------------------------+-----+----+-----+-----------+
    |I_load_reg_2546                                                                               |   32|   0|   32|          0|
    |Q_load_reg_2293                                                                               |   32|   0|   32|          0|
    |S_inv_addr_reg_2446                                                                           |    2|   0|    4|          2|
    |add_ln100_reg_2428                                                                            |    2|   0|    2|          0|
    |add_ln104_reg_2131                                                                            |    2|   0|    2|          0|
    |add_ln125_1_reg_2298                                                                          |    2|   0|    2|          0|
    |add_ln41_1_reg_2256                                                                           |    3|   0|    3|          0|
    |add_ln41_2_reg_2386                                                                           |    2|   0|    2|          0|
    |add_ln41_3_reg_2481                                                                           |    3|   0|    3|          0|
    |add_ln41_reg_2192                                                                             |    3|   0|    3|          0|
    |add_ln44_1_reg_2399                                                                           |    2|   0|    2|          0|
    |add_ln44_reg_2270                                                                             |    3|   0|    3|          0|
    |add_ln61_1_reg_2510                                                                           |    3|   0|    3|          0|
    |add_ln61_reg_2368                                                                             |    2|   0|    2|          0|
    |add_ln64_reg_2523                                                                             |    3|   0|    3|          0|
    |add_ln81_reg_2220                                                                             |    3|   0|    3|          0|
    |add_ln84_reg_2238                                                                             |    3|   0|    3|          0|
    |add_ln88_1_reg_2251                                                                           |    6|   0|    6|          0|
    |ap_CS_fsm                                                                                     |  125|   0|  125|          0|
    |ap_enable_reg_pp0_iter0                                                                       |    1|   0|    1|          0|
    |ap_enable_reg_pp0_iter1                                                                       |    1|   0|    1|          0|
    |ap_enable_reg_pp10_iter0                                                                      |    1|   0|    1|          0|
    |ap_enable_reg_pp10_iter1                                                                      |    1|   0|    1|          0|
    |ap_enable_reg_pp1_iter0                                                                       |    1|   0|    1|          0|
    |ap_enable_reg_pp1_iter1                                                                       |    1|   0|    1|          0|
    |ap_enable_reg_pp2_iter0                                                                       |    1|   0|    1|          0|
    |ap_enable_reg_pp2_iter1                                                                       |    1|   0|    1|          0|
    |ap_enable_reg_pp3_iter0                                                                       |    1|   0|    1|          0|
    |ap_enable_reg_pp3_iter1                                                                       |    1|   0|    1|          0|
    |ap_enable_reg_pp4_iter0                                                                       |    1|   0|    1|          0|
    |ap_enable_reg_pp4_iter1                                                                       |    1|   0|    1|          0|
    |ap_enable_reg_pp5_iter0                                                                       |    1|   0|    1|          0|
    |ap_enable_reg_pp5_iter1                                                                       |    1|   0|    1|          0|
    |ap_enable_reg_pp6_iter0                                                                       |    1|   0|    1|          0|
    |ap_enable_reg_pp6_iter1                                                                       |    1|   0|    1|          0|
    |ap_enable_reg_pp7_iter0                                                                       |    1|   0|    1|          0|
    |ap_enable_reg_pp7_iter1                                                                       |    1|   0|    1|          0|
    |ap_enable_reg_pp8_iter0                                                                       |    1|   0|    1|          0|
    |ap_enable_reg_pp8_iter1                                                                       |    1|   0|    1|          0|
    |ap_enable_reg_pp9_iter0                                                                       |    1|   0|    1|          0|
    |ap_enable_reg_pp9_iter1                                                                       |    1|   0|    1|          0|
    |div_i_reg_2456                                                                                |   32|   0|   32|          0|
    |empty_54_reg_2265                                                                             |    5|   0|    6|          1|
    |empty_55_reg_2394                                                                             |    5|   0|    5|          0|
    |empty_56_reg_2436                                                                             |    4|   0|    4|          0|
    |empty_57_reg_2518                                                                             |    5|   0|    6|          1|
    |empty_reg_2233                                                                                |    5|   0|    6|          1|
    |grp_matMultiply_float_6_6_6_1_fu_1209_ap_start_reg                                            |    1|   0|    1|          0|
    |grp_matMultiply_float_6_6_6_2_fu_1188_ap_start_reg                                            |    1|   0|    1|          0|
    |grp_matMultiply_float_6_6_6_3_fu_1233_ap_start_reg                                            |    1|   0|    1|          0|
    |grp_matMultiply_float_6_6_6_4_fu_1198_ap_start_reg                                            |    1|   0|    1|          0|
    |grp_matMultiply_float_6_6_6_5_fu_1225_ap_start_reg                                            |    1|   0|    1|          0|
    |grp_matMultiply_float_6_6_6_6_fu_1248_ap_start_reg                                            |    1|   0|    1|          0|
    |grp_matMultiply_float_6_6_6_7_fu_1240_ap_start_reg                                            |    1|   0|    1|          0|
    |grp_matMultiply_float_6_6_6_s_fu_1217_ap_start_reg                                            |    1|   0|    1|          0|
    |guard_variable_for_KalmanFilterKernel_float_float_ap_uint_32_float_float_Q                    |    1|   0|    1|          0|
    |guard_variable_for_KalmanFilterKernel_float_float_ap_uint_32_float_float_Q_load_reg_2086      |    1|   0|    1|          0|
    |guard_variable_for_KalmanFilterKernel_float_float_ap_uint_32_float_float_R                    |    1|   0|    1|          0|
    |guard_variable_for_KalmanFilterKernel_float_float_ap_uint_32_float_float_R_load_reg_2090      |    1|   0|    1|          0|
    |guard_variable_for_KalmanFilterKernel_float_float_ap_uint_32_float_float_x_hat                |    1|   0|    1|          0|
    |guard_variable_for_KalmanFilterKernel_float_float_ap_uint_32_float_float_x_hat_load_reg_2094  |    1|   0|    1|          0|
    |i_1_reg_962                                                                                   |    3|   0|    3|          0|
    |i_2_reg_937                                                                                   |    3|   0|    3|          0|
    |i_3_reg_1074                                                                                  |    2|   0|    2|          0|
    |i_4_reg_1122                                                                                  |    3|   0|    3|          0|
    |i_5_cast_reg_2617                                                                             |    3|   0|   64|         61|
    |i_5_reg_1177                                                                                  |    3|   0|    3|          0|
    |i_6_reg_984                                                                                   |    3|   0|    3|          0|
    |i_7_reg_1040                                                                                  |    2|   0|    2|          0|
    |i_8_reg_1052                                                                                  |    2|   0|    2|          0|
    |i_9_reg_1097                                                                                  |    3|   0|    3|          0|
    |i_cast_reg_2076                                                                               |    3|   0|   64|         61|
    |i_reg_892                                                                                     |    3|   0|    3|          0|
    |icmp_ln104_reg_2136                                                                           |    1|   0|    1|          0|
    |icmp_ln106_reg_2150                                                                           |    1|   0|    1|          0|
    |icmp_ln108_reg_2169                                                                           |    1|   0|    1|          0|
    |icmp_ln125_reg_2303                                                                           |    1|   0|    1|          0|
    |icmp_ln130_reg_2317                                                                           |    1|   0|    1|          0|
    |icmp_ln131_reg_2336                                                                           |    1|   0|    1|          0|
    |icmp_ln161_reg_2556                                                                           |    1|   0|    1|          0|
    |icmp_ln162_reg_2575                                                                           |    1|   0|    1|          0|
    |icmp_ln163_reg_2594                                                                           |    1|   0|    1|          0|
    |icmp_ln167_reg_2613                                                                           |    1|   0|    1|          0|
    |icmp_ln47_reg_2072                                                                            |    1|   0|    1|          0|
    |j_10_cast_reg_2579                                                                            |    6|   0|   64|         58|
    |j_10_reg_1155                                                                                 |    6|   0|    6|          0|
    |j_11_cast_reg_2598                                                                            |    3|   0|   64|         61|
    |j_11_reg_1166                                                                                 |    3|   0|    3|          0|
    |j_12_reg_1006                                                                                 |    2|   0|    2|          0|
    |j_13_reg_995                                                                                  |    3|   0|    3|          0|
    |j_14_reg_1063                                                                                 |    2|   0|    2|          0|
    |j_15_reg_1109                                                                                 |    1|   0|    1|          0|
    |j_1_cast_reg_2154                                                                             |    3|   0|   64|         61|
    |j_1_reg_915                                                                                   |    3|   0|    3|          0|
    |j_2_cast_reg_2173                                                                             |    6|   0|   64|         58|
    |j_2_reg_926                                                                                   |    6|   0|    6|          0|
    |j_3_reg_949                                                                                   |    1|   0|    1|          0|
    |j_4_reg_973                                                                                   |    3|   0|    3|          0|
    |j_5_cast_reg_2321                                                                             |    3|   0|   64|         61|
    |j_5_reg_1018                                                                                  |    3|   0|    3|          0|
    |j_6_cast_reg_2340                                                                             |    6|   0|   64|         58|
    |j_6_reg_1029                                                                                  |    6|   0|    6|          0|
    |j_7_reg_1086                                                                                  |    2|   0|    2|          0|
    |j_8_cast_reg_2560                                                                             |    3|   0|   64|         61|
    |j_8_reg_1144                                                                                  |    3|   0|    3|          0|
    |j_9_reg_1133                                                                                  |    3|   0|    3|          0|
    |j_reg_903                                                                                     |    2|   0|    2|          0|
    |mat_out_assign_2_load_reg_2451                                                                |   32|   0|   32|          0|
    |q_read_reg_2061                                                                               |   32|   0|   32|          0|
    |r_read_reg_2055                                                                               |   32|   0|   32|          0|
    |reg_1270                                                                                      |   32|   0|   32|          0|
    |reg_1276                                                                                      |   32|   0|   32|          0|
    |reg_1282                                                                                      |   32|   0|   32|          0|
    |sext_ln48_reg_2407                                                                            |   64|   0|   64|          0|
    |tmp_mat_1_load_reg_2215                                                                       |   32|   0|   32|          0|
    |u_0                                                                                           |   32|   0|   32|          0|
    |u_1                                                                                           |   32|   0|   32|          0|
    |u_2                                                                                           |   32|   0|   32|          0|
    |y_bar_2_1_fu_362                                                                              |   32|   0|   32|          0|
    |y_bar_2_2_fu_366                                                                              |   32|   0|   32|          0|
    |y_bar_2_fu_358                                                                                |   32|   0|   32|          0|
    |z_2_1_fu_350                                                                                  |   32|   0|   32|          0|
    |z_2_2_fu_354                                                                                  |   32|   0|   32|          0|
    |z_2_fu_346                                                                                    |   32|   0|   32|          0|
    |zext_ln48_1_reg_2278                                                                          |    6|   0|   64|         58|
    |zext_ln48_2_reg_2489                                                                          |    3|   0|   64|         61|
    |zext_ln48_reg_2200                                                                            |    3|   0|   64|         61|
    |zext_ln68_reg_2531                                                                            |    6|   0|   64|         58|
    |zext_ln81_reg_2225                                                                            |    3|   0|    6|          3|
    +----------------------------------------------------------------------------------------------+-----+----+-----+-----------+
    |Total                                                                                         | 1045|   0| 1831|        786|
    +----------------------------------------------------------------------------------------------+-----+----+-----+-----------+



================================================================
== Interface
================================================================
* Summary: 
+-----------------------+-----+-----+------------+--------------------+--------------+
|       RTL Ports       | Dir | Bits|  Protocol  |    Source Object   |    C Type    |
+-----------------------+-----+-----+------------+--------------------+--------------+
|s_axi_AXI_CPU_AWVALID  |   in|    1|       s_axi|             AXI_CPU|        scalar|
|s_axi_AXI_CPU_AWREADY  |  out|    1|       s_axi|             AXI_CPU|        scalar|
|s_axi_AXI_CPU_AWADDR   |   in|    5|       s_axi|             AXI_CPU|        scalar|
|s_axi_AXI_CPU_WVALID   |   in|    1|       s_axi|             AXI_CPU|        scalar|
|s_axi_AXI_CPU_WREADY   |  out|    1|       s_axi|             AXI_CPU|        scalar|
|s_axi_AXI_CPU_WDATA    |   in|   32|       s_axi|             AXI_CPU|        scalar|
|s_axi_AXI_CPU_WSTRB    |   in|    4|       s_axi|             AXI_CPU|        scalar|
|s_axi_AXI_CPU_ARVALID  |   in|    1|       s_axi|             AXI_CPU|        scalar|
|s_axi_AXI_CPU_ARREADY  |  out|    1|       s_axi|             AXI_CPU|        scalar|
|s_axi_AXI_CPU_ARADDR   |   in|    5|       s_axi|             AXI_CPU|        scalar|
|s_axi_AXI_CPU_RVALID   |  out|    1|       s_axi|             AXI_CPU|        scalar|
|s_axi_AXI_CPU_RREADY   |   in|    1|       s_axi|             AXI_CPU|        scalar|
|s_axi_AXI_CPU_RDATA    |  out|   32|       s_axi|             AXI_CPU|        scalar|
|s_axi_AXI_CPU_RRESP    |  out|    2|       s_axi|             AXI_CPU|        scalar|
|s_axi_AXI_CPU_BVALID   |  out|    1|       s_axi|             AXI_CPU|        scalar|
|s_axi_AXI_CPU_BREADY   |   in|    1|       s_axi|             AXI_CPU|        scalar|
|s_axi_AXI_CPU_BRESP    |  out|    2|       s_axi|             AXI_CPU|        scalar|
|ap_clk                 |   in|    1|  ap_ctrl_hs|  KalmanFilterKernel|  return value|
|ap_rst_n               |   in|    1|  ap_ctrl_hs|  KalmanFilterKernel|  return value|
|interrupt              |  out|    1|  ap_ctrl_hs|  KalmanFilterKernel|  return value|
|din_address0           |  out|    3|   ap_memory|                 din|         array|
|din_ce0                |  out|    1|   ap_memory|                 din|         array|
|din_q0                 |   in|   32|   ap_memory|                 din|         array|
|dout_address0          |  out|    3|   ap_memory|                dout|         array|
|dout_ce0               |  out|    1|   ap_memory|                dout|         array|
|dout_we0               |  out|    1|   ap_memory|                dout|         array|
|dout_d0                |  out|   32|   ap_memory|                dout|         array|
|counter                |   in|   32|     ap_none|             counter|        scalar|
+-----------------------+-----+-----+------------+--------------------+--------------+

